// Jest Snapshot v1, https://goo.gl/fbAQLP

exports[`SpaceShares if currentUser can not share other shares are listed, but creating/editing shares is not possible 1`] = `
<div id="oc-files-sharing-sidebar" class="oc-position-relative">
  <!---->
  <ul id="files-collaborators-list" aria-label="Share receivers" class="oc-list oc-list-divider oc-overflow-hidden oc-m-rm">
    <li>
      <collaborator-list-item-stub share="[object Object]"></collaborator-list-item-stub>
    </li>
  </ul>
</div>
`;

exports[`SpaceShares if currentUser can share initially renders add people dialog 1`] = `
<div id="oc-files-sharing-sidebar" class="oc-position-relative">
  <invite-collaborator-form-stub class="oc-my-s"></invite-collaborator-form-stub>
  <ul id="files-collaborators-list" aria-label="Share receivers" class="oc-list oc-list-divider oc-overflow-hidden oc-m-rm">
    <li>
      <collaborator-list-item-stub share="[object Object]"></collaborator-list-item-stub>
    </li>
  </ul>
</div>
`;

exports[`SpaceShares if currentUser is manager allows role edit of the current user if another user is manager 1`] = `
<div id="oc-files-sharing-sidebar" class="oc-position-relative">
  <invite-collaborator-form-stub class="oc-my-s"></invite-collaborator-form-stub>
  <ul id="files-collaborators-list" aria-label="Share receivers" class="oc-list oc-list-divider oc-overflow-hidden oc-m-rm">
    <li>
      <collaborator-list-item-stub share="[object Object]" modifiable="true"></collaborator-list-item-stub>
    </li>
    <li>
      <collaborator-list-item-stub share="[object Object]" modifiable="true"></collaborator-list-item-stub>
    </li>
    <li>
      <collaborator-list-item-stub share="[object Object]" modifiable="true"></collaborator-list-item-stub>
    </li>
  </ul>
</div>
`;

exports[`SpaceShares if currentUser is manager does not allow role edit of the current user if they are the only manager 1`] = `
<div id="oc-files-sharing-sidebar" class="oc-position-relative">
  <invite-collaborator-form-stub class="oc-my-s"></invite-collaborator-form-stub>
  <ul id="files-collaborators-list" aria-label="Share receivers" class="oc-list oc-list-divider oc-overflow-hidden oc-m-rm">
    <li>
      <collaborator-list-item-stub share="[object Object]"></collaborator-list-item-stub>
    </li>
    <li>
      <collaborator-list-item-stub share="[object Object]" modifiable="true"></collaborator-list-item-stub>
    </li>
  </ul>
</div>
`;

exports[`SpaceShares renders loading spinner while loading 1`] = `
<div id="oc-files-sharing-sidebar" class="oc-position-relative">
  <oc-loader-stub arialabel="Loading members"></oc-loader-stub>
</div>
`;
