// Jest Snapshot v1, https://goo.gl/fbAQLP

exports[`Spaces projects view should list spaces 1`] = `
<div>
  <app-bar-stub breadcrumbs="[object Object]" breadcrumbscontextactionsitems="" class="oc-border-b"></app-bar-stub>
  <div class="spaces-list oc-px-m oc-mt-l">
    <ul class="
          oc-grid
          oc-grid-match
          oc-grid-column-small
          oc-grid-row-large
          oc-text-center
          oc-child-width-1-3@m
          oc-child-width-1-4@l
          oc-child-width-1-5@xl
        ">
      <li class="oc-mb-m">
        <div data-space-id="1" class="spaces-list-card oc-card oc-card-default oc-rounded">
          <div class="oc-card-media-top oc-border-b"><a href="#/" aria-current="page" class="router-link-exact-active router-link-active">
              <!----> <span class="space-default-image oc-px-m oc-py-m oc-icon oc-icon-xxl oc-icon-passive"><!----></span>
            </a></div>
          <div class="oc-card-body oc-p-s">
            <div class="oc-flex oc-flex-between oc-flex-middle">
              <div class="oc-flex oc-flex-middle"><span class="oc-mr-s oc-icon oc-icon-m oc-icon-passive"><!----></span> <a href="#/" aria-current="page" class="space-name oc-text-left router-link-exact-active router-link-active"><span></span></a></div>
              <div class="oc-flex oc-flex-middle">
                <div><button aria-label="Show members" type="button" class="oc-button oc-rounded oc-button-m oc-button-justify-content-center oc-button-gap-m oc-button-passive oc-button-passive-raw"><span class="oc-icon oc-icon-m oc-icon-passive"><!----></span></button></div>
                <div><button aria-label="Show context menu" type="button" class="oc-button oc-rounded oc-button-m oc-button-justify-content-center oc-button-gap-m oc-button-passive oc-button-passive-raw" id="space-context-btn-1"><span class="oc-icon oc-icon-m oc-icon-passive"><!----></span></button>
                  <div id="space-context-drop-1" class="oc-drop oc-box-shadow-medium oc-rounded" options="[object Object]">
                    <div class="oc-card oc-card-body oc-rounded oc-background-secondary oc-p-s">
                      <div>
                        <div id="oc-files-context-menu">
                          <ul id="oc-files-context-actions-members" class="oc-list oc-my-rm oc-mx-rm oc-files-context-actions oc-pb-s oc-files-context-actions-border">
                            <li class="oc-files-context-action oc-px-s oc-rounded"><button type="button" class="oc-button oc-rounded oc-button-s oc-button-justify-content-center oc-button-gap-m oc-button-passive oc-button-passive-raw oc-files-actions-show-details-trigger action-menu-item" data-testid="action-handler"><span class="oc-icon oc-icon-m oc-icon-passive" data-testid="action-icon"><!----></span> <span data-testid="action-label" class="oc-files-context-action-label">Members</span>
                                <!---->
                              </button></li>
                          </ul>
                          <ul id="oc-files-context-actions-trashBin" class="oc-list oc-my-rm oc-mx-rm oc-files-context-actions oc-pb-s oc-pt-s oc-files-context-actions-border">
                            <li class="oc-files-context-action oc-px-s oc-rounded"><button type="button" class="oc-button oc-rounded oc-button-s oc-button-justify-content-center oc-button-gap-m oc-button-passive oc-button-passive-raw oc-files-actions-delete-trigger action-menu-item" data-testid="action-handler"><span class="oc-icon oc-icon-m oc-icon-passive" data-testid="action-icon"><!----></span> <span data-testid="action-label" class="oc-files-context-action-label">Deleted files</span>
                                <!---->
                              </button></li>
                          </ul>
                          <ul id="oc-files-context-actions-sidebar" class="oc-list oc-my-rm oc-mx-rm oc-files-context-actions oc-pt-s">
                            <li class="oc-files-context-action oc-px-s oc-rounded"><button type="button" class="oc-button oc-rounded oc-button-s oc-button-justify-content-center oc-button-gap-m oc-button-passive oc-button-passive-raw oc-files-actions-show-details-trigger action-menu-item" data-testid="action-handler"><span class="oc-icon oc-icon-m oc-icon-passive" data-testid="action-icon"><!----></span> <span data-testid="action-label" class="oc-files-context-action-label">Details</span>
                                <!---->
                              </button></li>
                          </ul>
                        </div>
                        <!---->
                        <!----> <input id="space-image-upload-input" type="file" name="file" multiple="multiple" tabindex="-1" accept="image/*">
                      </div>
                    </div>
                  </div>
                </div>
              </div>
            </div>
            <!---->
          </div>
        </div>
      </li>
    </ul>
  </div>
</div>
`;
