// Jest Snapshot v1, https://goo.gl/fbAQLP

exports[`List component when no resource is found should show no-content-message component 1`] = `
<div class="files-search-result">
  <app-bar-stub breadcrumbs="" breadcrumbscontextactionsitems="" hasbulkactions="true" hassidebartoggle="true" hasviewoptions="true"></app-bar-stub>
  <div class="oc-height-1-1 oc-flex oc-flex-column oc-flex-center oc-flex-middle oc-text-center files-empty">
    <div class="oc-icon oc-icon-xxl oc-icon-passive">
      <!---->
    </div>
    <div class="oc-text-muted oc-text-large">
      <p class="oc-text-muted"><span data-msgid="No search term entered" data-current-language="en_US">No search term entered</span></p>
    </div>
    <div class="oc-text-muted"></div>
  </div>
</div>
`;

exports[`List component when no search term is entered should show no-content-message component 1`] = `
<div class="files-search-result">
  <app-bar-stub breadcrumbs="" breadcrumbscontextactionsitems="" hasbulkactions="true" hassidebartoggle="true" hasviewoptions="true"></app-bar-stub>
  <div class="oc-height-1-1 oc-flex oc-flex-column oc-flex-center oc-flex-middle oc-text-center files-empty">
    <div class="oc-icon oc-icon-xxl oc-icon-passive">
      <!---->
    </div>
    <div class="oc-text-muted oc-text-large">
      <p class="oc-text-muted"><span data-msgid="No search term entered" data-current-language="en_US">No search term entered</span></p>
    </div>
    <div class="oc-text-muted"></div>
  </div>
</div>
`;
