// Jest Snapshot v1, https://goo.gl/fbAQLP

exports[`PrivateLink view when the page has loaded successfully should display the page title 1`] = `<h1 class="oc-invisible-sr">Resolving private link</h1>`;

exports[`PrivateLink view when the view has finished loading and there was no error should not display the loading text and the error message 1`] = `
<div class="oc-height-1-1 oc-link-resolve">
  <h1 class="oc-invisible-sr">Resolving private link</h1>
  <div class="oc-card oc-border oc-rounded oc-position-center oc-text-center oc-width-large">
    <!---->
    <div class="oc-card-footer">
      <p>
        some-slogan
      </p>
    </div>
  </div>
</div>
`;

exports[`PrivateLink view when the view is still loading should display the loading text with the spinner 1`] = `
<div class="oc-card-body">
  <oc-spinner-stub arialabel="" size="medium" aria-hidden="true"></oc-spinner-stub>
</div>
`;

exports[`PrivateLink view when there was an error should display the error message 1`] = `
<div class="oc-card-header oc-link-resolve-error-title">
  <h2>
    <translate-stub tag="span">An error occurred while resolving the private link</translate-stub>
  </h2>
</div>
`;
