// Jest Snapshot v1, https://goo.gl/fbAQLP

exports[`ThemeSwitcher component restores dark theme if dark theme is saved in localstorage 1`] = `
<button aria-label="Click to switch theme" type="button" class="themeswitcher-btn oc-button oc-rounded oc-button-m oc-button-justify-content-center oc-button-gap-m oc-button-inverse oc-button-inverse-raw"><span aria-label="Currently used theme" class="oc-visible@s">Dark mode</span>
  <oc-icon-stub name="moon-clear" filltype="line" accessiblelabel="" type="span" size="medium" variation="passive" color=""></oc-icon-stub>
</button>
`;

exports[`ThemeSwitcher component restores light theme if light theme is saved in localstorage 1`] = `
<button aria-label="Click to switch theme" type="button" class="themeswitcher-btn oc-button oc-rounded oc-button-m oc-button-justify-content-center oc-button-gap-m oc-button-inverse oc-button-inverse-raw"><span aria-label="Currently used theme" class="oc-visible@s">Light mode</span>
  <oc-icon-stub name="sun" filltype="line" accessiblelabel="" type="span" size="medium" variation="passive" color=""></oc-icon-stub>
</button>
`;

exports[`ThemeSwitcher component visually renders a button, initially in dark mode if user prefers dark color scheme 1`] = `
<button aria-label="Click to switch theme" type="button" class="themeswitcher-btn oc-button oc-rounded oc-button-m oc-button-justify-content-center oc-button-gap-m oc-button-inverse oc-button-inverse-raw"><span aria-label="Currently used theme" class="oc-visible@s">Dark mode</span>
  <oc-icon-stub name="moon-clear" filltype="line" accessiblelabel="" type="span" size="medium" variation="passive" color=""></oc-icon-stub>
</button>
`;

exports[`ThemeSwitcher component visually renders a button, initially in light mode per default 1`] = `
<button aria-label="Click to switch theme" type="button" class="themeswitcher-btn oc-button oc-rounded oc-button-m oc-button-justify-content-center oc-button-gap-m oc-button-inverse oc-button-inverse-raw"><span aria-label="Currently used theme" class="oc-visible@s">Light mode</span>
  <oc-icon-stub name="sun" filltype="line" accessiblelabel="" type="span" size="medium" variation="passive" color=""></oc-icon-stub>
</button>
`;

exports[`ThemeSwitcher component visually toggles between themes upon click 1`] = `
<button aria-label="Click to switch theme" type="button" class="themeswitcher-btn oc-button oc-rounded oc-button-m oc-button-justify-content-center oc-button-gap-m oc-button-inverse oc-button-inverse-raw"><span aria-label="Currently used theme" class="oc-visible@s">Dark mode</span>
  <oc-icon-stub name="moon-clear" filltype="line" accessiblelabel="" type="span" size="medium" variation="passive" color=""></oc-icon-stub>
</button>
`;

exports[`ThemeSwitcher component visually toggles between themes upon click 2`] = `
<button aria-label="Click to switch theme" type="button" class="themeswitcher-btn oc-button oc-rounded oc-button-m oc-button-justify-content-center oc-button-gap-m oc-button-inverse oc-button-inverse-raw"><span aria-label="Currently used theme" class="oc-visible@s">Light mode</span>
  <oc-icon-stub name="sun" filltype="line" accessiblelabel="" type="span" size="medium" variation="passive" color=""></oc-icon-stub>
</button>
`;
