// Jest Snapshot v1, https://goo.gl/fbAQLP

exports[`Top Bar component Displays applications menu 1`] = `
<header id="oc-topbar" aria-label="Top bar" class="oc-flex oc-flex-middle oc-flex-between oc-px-m">
  <div class="oc-topbar-left oc-flex oc-flex-middle oc-flex-between">
    <applications-menu-stub applicationslist="[object Object],[object Object],[object Object]"></applications-menu-stub>
    <router-link-stub to="/" tag="a" ariacurrentvalue="page" event="click">
      <oc-img-stub src="example-logo.svg" alt="Navigate to personal files page" class="oc-logo-image"></oc-img-stub>
    </router-link-stub>
  </div>
  <div class="portal-wrapper">
    <portal-target-stub name="app.runtime.header" multiple=""></portal-target-stub>
  </div>
  <div class="oc-topbar-right oc-flex oc-flex-middle oc-flex-between">
    <theme-switcher-stub></theme-switcher-stub>
    <feedback-link-stub></feedback-link-stub>
    <!---->
    <user-menu-stub applicationslist="[object Object],[object Object],[object Object]"></user-menu-stub>
  </div>
</header>
`;
