// Jest Snapshot v1, https://goo.gl/fbAQLP

exports[`ContextActionMenu component renders the menu with actions 1`] = `
<div id="oc-files-context-menu">
  <oc-list-stub id="oc-files-context-actions-action 1" class="oc-files-context-actions oc-pb-s oc-files-context-actions-border"></oc-list-stub>
  <oc-list-stub id="oc-files-context-actions-action 2" class="oc-files-context-actions oc-pt-s"></oc-list-stub>
</div>
`;
