// Jest Snapshot v1, https://goo.gl/fbAQLP

exports[`InviteCollaborator RecipientContainer displays an avatar image if capability is present 1`] = `
<span class="oc-recipient files-share-invite-recipient" data-testid="recipient-container-Albert Einstein"><span width="16.8" aria-hidden="true" focusable="false" data-test-user-name="Albert Einstein" class="vue-avatar--wrapper oc-avatar oc-recipient-avatar" style="width: 16.8px; height: 16.8px; line-height: 16.8px; background-color: rgb(194, 28, 83); font-size: 6px; font-family: Helvetica, Arial, sans-serif; color: white;" data-testid="recipient-avatar"><span class="avatarInitials">AE</span></span>
<p data-testid="recipient-name" class="oc-recipient-name">Albert Einstein</p> <button aria-label="Deselect Albert Einstein" type="button" class="files-share-invite-recipient-btn-remove oc-button oc-rounded oc-button-m oc-button-justify-content-center oc-button-gap-m oc-button-passive oc-button-passive-raw">
  <ocicon-stub name="close" filltype="fill" accessiblelabel="" type="span" size="small" variation="passive" color=""></ocicon-stub>
</button></span>
`;

exports[`InviteCollaborator RecipientContainer renders a recipient with a deselect button different recipients for different shareTypes 1`] = `<span class="oc-recipient files-share-invite-recipient" data-testid="recipient-container-Albert Einstein"><ocicon-stub name="person" filltype="fill" accessiblelabel="User" type="span" size="small" variation="passive" color="" data-testid="recipient-icon" class="oc-recipient-icon"></ocicon-stub> <p data-testid="recipient-name" class="oc-recipient-name">Albert Einstein</p> <button aria-label="Deselect Albert Einstein" type="button" class="files-share-invite-recipient-btn-remove oc-button oc-rounded oc-button-m oc-button-justify-content-center oc-button-gap-m oc-button-passive oc-button-passive-raw"><ocicon-stub name="close" filltype="fill" accessiblelabel="" type="span" size="small" variation="passive" color=""></ocicon-stub></button></span>`;

exports[`InviteCollaborator RecipientContainer renders a recipient with a deselect button different recipients for different shareTypes 2`] = `<span class="oc-recipient files-share-invite-recipient" data-testid="recipient-container-physics-lovers"><ocicon-stub name="person" filltype="fill" accessiblelabel="User" type="span" size="small" variation="passive" color="" data-testid="recipient-icon" class="oc-recipient-icon"></ocicon-stub> <p data-testid="recipient-name" class="oc-recipient-name">physics-lovers</p> <button aria-label="Deselect physics-lovers" type="button" class="files-share-invite-recipient-btn-remove oc-button oc-rounded oc-button-m oc-button-justify-content-center oc-button-gap-m oc-button-passive oc-button-passive-raw"><ocicon-stub name="close" filltype="fill" accessiblelabel="" type="span" size="small" variation="passive" color=""></ocicon-stub></button></span>`;

exports[`InviteCollaborator RecipientContainer renders a recipient with a deselect button different recipients for different shareTypes 3`] = `<span class="oc-recipient files-share-invite-recipient" data-testid="recipient-container-guest-user"><ocicon-stub name="person" filltype="fill" accessiblelabel="User" type="span" size="small" variation="passive" color="" data-testid="recipient-icon" class="oc-recipient-icon"></ocicon-stub> <p data-testid="recipient-name" class="oc-recipient-name">guest-user</p> <button aria-label="Deselect guest-user" type="button" class="files-share-invite-recipient-btn-remove oc-button oc-rounded oc-button-m oc-button-justify-content-center oc-button-gap-m oc-button-passive oc-button-passive-raw"><ocicon-stub name="close" filltype="fill" accessiblelabel="" type="span" size="small" variation="passive" color=""></ocicon-stub></button></span>`;

exports[`InviteCollaborator RecipientContainer renders a recipient with a deselect button different recipients for different shareTypes 4`] = `<span class="oc-recipient files-share-invite-recipient" data-testid="recipient-container-remote-user"><ocicon-stub name="person" filltype="fill" accessiblelabel="User" type="span" size="small" variation="passive" color="" data-testid="recipient-icon" class="oc-recipient-icon"></ocicon-stub> <p data-testid="recipient-name" class="oc-recipient-name">remote-user</p> <button aria-label="Deselect remote-user" type="button" class="files-share-invite-recipient-btn-remove oc-button oc-rounded oc-button-m oc-button-justify-content-center oc-button-gap-m oc-button-passive oc-button-passive-raw"><ocicon-stub name="close" filltype="fill" accessiblelabel="" type="span" size="small" variation="passive" color=""></ocicon-stub></button></span>`;

exports[`InviteCollaborator RecipientContainer renders a recipient with a deselect button different recipients for different shareTypes 5`] = `<span class="oc-recipient files-share-invite-recipient" data-testid="recipient-container-Albert Einstein"><ocicon-stub name="person" filltype="fill" accessiblelabel="User" type="span" size="small" variation="passive" color="" data-testid="recipient-icon" class="oc-recipient-icon"></ocicon-stub> <p data-testid="recipient-name" class="oc-recipient-name">Albert Einstein</p> <button aria-label="Deselect Albert Einstein" type="button" class="files-share-invite-recipient-btn-remove oc-button oc-rounded oc-button-m oc-button-justify-content-center oc-button-gap-m oc-button-passive oc-button-passive-raw"><ocicon-stub name="close" filltype="fill" accessiblelabel="" type="span" size="small" variation="passive" color=""></ocicon-stub></button></span>`;
