// Jest Snapshot v1, https://goo.gl/fbAQLP

exports[`SharedWithOthers view when the wrapper is not loading anymore when length of paginated resources is greater than zero should load the resource table with correct props 1`] = `
<table class="files-table oc-table oc-table-hover oc-table-sticky files-table-squashed" id="files-shared-with-others-table">
  <thead class="oc-thead">
    <tr tabindex="-1" class="oc-table-header-row">
      <th class="oc-th oc-table-cell oc-table-cell-align-left oc-table-cell-align-middle oc-table-cell-width-shrink oc-text-nowrap oc-table-header-cell oc-table-header-cell-select oc-pl-m " style="top: 0px;"><span class="oc-table-thead-content"><div class="resource-table-select-all"><oc-checkbox-stub id="resource-table-select-all" label="Select all resources" hidelabel="true" size="large"></oc-checkbox-stub></div></span>
        <!---->
      </th>
      <th class="oc-th oc-table-cell oc-table-cell-align-left oc-table-cell-align-middle oc-table-cell-width-expand oc-text-nowrap oc-table-header-cell oc-table-header-cell-name" aria-sort="none" style="top: 0px;"><span class="oc-table-thead-content header-text">Name</span>
        <oc-button-stub type="button" size="medium" arialabel="Sort by name" submit="button" variation="passive" appearance="raw" justifycontent="center" gapsize="medium" class="oc-button-sort oc-invisible"><span class="oc-icon oc-icon-s oc-icon-passive"><!----></span></oc-button-stub>
      </th>
      <th class="oc-th oc-table-cell oc-table-cell-align-right oc-table-cell-align-middle oc-table-cell-width-auto oc-text-nowrap oc-table-header-cell oc-table-header-cell-sharedWith" aria-sort="none" style="top: 0px;"><span class="oc-table-thead-content header-text">Shared with</span>
        <oc-button-stub type="button" size="medium" arialabel="Sort by sharedWith" submit="button" variation="passive" appearance="raw" justifycontent="center" gapsize="medium" class="oc-button-sort oc-invisible"><span class="oc-icon oc-icon-s oc-icon-passive"><!----></span></oc-button-stub>
      </th>
      <th class="oc-th oc-table-cell oc-table-cell-align-right oc-table-cell-align-middle oc-table-cell-width-auto oc-text-nowrap oc-table-header-cell oc-table-header-cell-sdate" aria-sort="none" style="top: 0px;"><span class="oc-table-thead-content header-text">Shared on</span>
        <oc-button-stub type="button" size="medium" arialabel="Sort by sdate" submit="button" variation="passive" appearance="raw" justifycontent="center" gapsize="medium" class="oc-button-sort oc-invisible"><span class="oc-icon oc-icon-s oc-icon-passive"><!----></span></oc-button-stub>
      </th>
      <th class="oc-th oc-table-cell oc-table-cell-align-right oc-table-cell-align-middle oc-table-cell-width-auto oc-text-nowrap oc-table-header-cell oc-table-header-cell-actions oc-pr-m" style="top: 0px;"><span class="oc-table-thead-content header-text">Actions</span>
        <!---->
      </th>
    </tr>
  </thead>
  <tbody>
    <tr tabindex="-1" data-item-id="38" draggable="false" class="oc-tbody-tr oc-tbody-tr-38">
      <td class="oc-td oc-table-cell oc-table-cell-align-left oc-table-cell-align-middle oc-table-cell-width-shrink oc-table-data-cell oc-table-data-cell-select oc-pl-m ">
        <oc-checkbox-stub id="resource-table-select-38" value="" option="[object Object]" label="Select folder" hidelabel="true" size="large"></oc-checkbox-stub>
      </td>
      <td class="oc-td oc-table-cell oc-table-cell-align-left oc-table-cell-align-middle oc-table-cell-width-expand oc-text-truncate oc-table-data-cell oc-table-data-cell-name">
        <div class="resource-table-resource-wrapper">
          <oc-resource-stub folderlink="[object Object]" parentfolderlink="[object Object]" resource="[object Object]" parentfoldernamedefault="All files and folders" ispathdisplayed="true" isresourceclickable="true"></oc-resource-stub>
          <oc-button-stub type="button" size="medium" submit="button" variation="passive" appearance="raw" justifycontent="center" gapsize="medium" class="resource-table-edit-name"><span class="oc-icon oc-icon-s oc-icon-passive"><!----></span></oc-button-stub>
        </div>
      </td>
      <td class="oc-td oc-table-cell oc-table-cell-align-right oc-table-cell-align-middle oc-table-cell-width-auto oc-text-nowrap oc-table-data-cell oc-table-data-cell-sharedWith">
        <oc-button-stub type="button" size="medium" submit="button" variation="inverse" appearance="raw" justifycontent="center" gapsize="medium">
          <oc-avatars-stub items="[object Object]" stacked="true" istooltipdisplayed="true" maxdisplayed="3" accessibledescription=" This folder is shared via 1 link" class="resource-table-people"></oc-avatars-stub>
        </oc-button-stub>
      </td>
      <td class="oc-td oc-table-cell oc-table-cell-align-right oc-table-cell-align-middle oc-table-cell-width-auto oc-text-nowrap oc-table-data-cell oc-table-data-cell-sdate" aria-label="9 months ago (June 9, 2021, 12:44 PM UTC)"><span tabindex="0">9 months ago</span></td>
      <td class="oc-td oc-table-cell oc-table-cell-align-right oc-table-cell-align-middle oc-table-cell-width-auto oc-text-nowrap oc-table-data-cell oc-table-data-cell-actions oc-pr-m">
        <div class="resource-table-actions">
          <oc-button-stub type="button" size="medium" arialabel="Show context menu" submit="button" variation="passive" appearance="raw" justifycontent="center" gapsize="medium" id="context-menu-trigger-38" class="resource-table-btn-action-dropdown"><span class="oc-icon oc-icon-m oc-icon-passive"><!----></span></oc-button-stub>
          <oc-drop-stub dropid="context-menu-drop-38" popperoptions="[object Object]" toggle="#context-menu-trigger-38" position="bottom-start" mode="click" closeonclick="true" paddingsize="small"></oc-drop-stub>
        </div>
      </td>
    </tr>
    <tr tabindex="-1" data-item-id="64" draggable="false" class="oc-tbody-tr oc-tbody-tr-64">
      <td class="oc-td oc-table-cell oc-table-cell-align-left oc-table-cell-align-middle oc-table-cell-width-shrink oc-table-data-cell oc-table-data-cell-select oc-pl-m ">
        <oc-checkbox-stub id="resource-table-select-64" value="" option="[object Object]" label="Select folder" hidelabel="true" size="large"></oc-checkbox-stub>
      </td>
      <td class="oc-td oc-table-cell oc-table-cell-align-left oc-table-cell-align-middle oc-table-cell-width-expand oc-text-truncate oc-table-data-cell oc-table-data-cell-name">
        <div class="resource-table-resource-wrapper">
          <oc-resource-stub folderlink="[object Object]" parentfolderlink="[object Object]" resource="[object Object]" parentfoldernamedefault="All files and folders" ispathdisplayed="true" isresourceclickable="true"></oc-resource-stub>
          <oc-button-stub type="button" size="medium" submit="button" variation="passive" appearance="raw" justifycontent="center" gapsize="medium" class="resource-table-edit-name"><span class="oc-icon oc-icon-s oc-icon-passive"><!----></span></oc-button-stub>
        </div>
      </td>
      <td class="oc-td oc-table-cell oc-table-cell-align-right oc-table-cell-align-middle oc-table-cell-width-auto oc-text-nowrap oc-table-data-cell oc-table-data-cell-sharedWith">
        <oc-button-stub type="button" size="medium" submit="button" variation="inverse" appearance="raw" justifycontent="center" gapsize="medium">
          <oc-avatars-stub items="[object Object]" stacked="true" istooltipdisplayed="true" maxdisplayed="3" accessibledescription=" This folder is shared via 1 link" class="resource-table-people"></oc-avatars-stub>
        </oc-button-stub>
      </td>
      <td class="oc-td oc-table-cell oc-table-cell-align-right oc-table-cell-align-middle oc-table-cell-width-auto oc-text-nowrap oc-table-data-cell oc-table-data-cell-sdate" aria-label="9 months ago (June 9, 2021, 12:44 PM UTC)"><span tabindex="0">9 months ago</span></td>
      <td class="oc-td oc-table-cell oc-table-cell-align-right oc-table-cell-align-middle oc-table-cell-width-auto oc-text-nowrap oc-table-data-cell oc-table-data-cell-actions oc-pr-m">
        <div class="resource-table-actions">
          <oc-button-stub type="button" size="medium" arialabel="Show context menu" submit="button" variation="passive" appearance="raw" justifycontent="center" gapsize="medium" id="context-menu-trigger-64" class="resource-table-btn-action-dropdown"><span class="oc-icon oc-icon-m oc-icon-passive"><!----></span></oc-button-stub>
          <oc-drop-stub dropid="context-menu-drop-64" popperoptions="[object Object]" toggle="#context-menu-trigger-64" position="bottom-start" mode="click" closeonclick="true" paddingsize="small"></oc-drop-stub>
        </div>
      </td>
    </tr>
    <tr tabindex="-1" data-item-id="39" draggable="false" class="oc-tbody-tr oc-tbody-tr-39">
      <td class="oc-td oc-table-cell oc-table-cell-align-left oc-table-cell-align-middle oc-table-cell-width-shrink oc-table-data-cell oc-table-data-cell-select oc-pl-m ">
        <oc-checkbox-stub id="resource-table-select-39" value="" option="[object Object]" label="Select folder" hidelabel="true" size="large"></oc-checkbox-stub>
      </td>
      <td class="oc-td oc-table-cell oc-table-cell-align-left oc-table-cell-align-middle oc-table-cell-width-expand oc-text-truncate oc-table-data-cell oc-table-data-cell-name">
        <div class="resource-table-resource-wrapper">
          <oc-resource-stub folderlink="[object Object]" parentfolderlink="[object Object]" resource="[object Object]" parentfoldernamedefault="All files and folders" ispathdisplayed="true" isresourceclickable="true"></oc-resource-stub>
          <oc-button-stub type="button" size="medium" submit="button" variation="passive" appearance="raw" justifycontent="center" gapsize="medium" class="resource-table-edit-name"><span class="oc-icon oc-icon-s oc-icon-passive"><!----></span></oc-button-stub>
        </div>
      </td>
      <td class="oc-td oc-table-cell oc-table-cell-align-right oc-table-cell-align-middle oc-table-cell-width-auto oc-text-nowrap oc-table-data-cell oc-table-data-cell-sharedWith">
        <oc-button-stub type="button" size="medium" submit="button" variation="inverse" appearance="raw" justifycontent="center" gapsize="medium">
          <oc-avatars-stub items="[object Object]" stacked="true" istooltipdisplayed="true" maxdisplayed="3" accessibledescription=" This folder is shared via 1 link" class="resource-table-people"></oc-avatars-stub>
        </oc-button-stub>
      </td>
      <td class="oc-td oc-table-cell oc-table-cell-align-right oc-table-cell-align-middle oc-table-cell-width-auto oc-text-nowrap oc-table-data-cell oc-table-data-cell-sdate" aria-label="9 months ago (June 9, 2021, 12:44 PM UTC)"><span tabindex="0">9 months ago</span></td>
      <td class="oc-td oc-table-cell oc-table-cell-align-right oc-table-cell-align-middle oc-table-cell-width-auto oc-text-nowrap oc-table-data-cell oc-table-data-cell-actions oc-pr-m">
        <div class="resource-table-actions">
          <oc-button-stub type="button" size="medium" arialabel="Show context menu" submit="button" variation="passive" appearance="raw" justifycontent="center" gapsize="medium" id="context-menu-trigger-39" class="resource-table-btn-action-dropdown"><span class="oc-icon oc-icon-m oc-icon-passive"><!----></span></oc-button-stub>
          <oc-drop-stub dropid="context-menu-drop-39" popperoptions="[object Object]" toggle="#context-menu-trigger-39" position="bottom-start" mode="click" closeonclick="true" paddingsize="small"></oc-drop-stub>
        </div>
      </td>
    </tr>
    <tr tabindex="-1" data-item-id="30" draggable="false" class="oc-tbody-tr oc-tbody-tr-30">
      <td class="oc-td oc-table-cell oc-table-cell-align-left oc-table-cell-align-middle oc-table-cell-width-shrink oc-table-data-cell oc-table-data-cell-select oc-pl-m ">
        <oc-checkbox-stub id="resource-table-select-30" value="" option="[object Object]" label="Select file" hidelabel="true" size="large"></oc-checkbox-stub>
      </td>
      <td class="oc-td oc-table-cell oc-table-cell-align-left oc-table-cell-align-middle oc-table-cell-width-expand oc-text-truncate oc-table-data-cell oc-table-data-cell-name">
        <div class="resource-table-resource-wrapper">
          <oc-resource-stub folderlink="[object Object]" parentfolderlink="[object Object]" resource="[object Object]" parentfoldernamedefault="All files and folders" ispathdisplayed="true" isresourceclickable="true"></oc-resource-stub>
          <oc-button-stub type="button" size="medium" submit="button" variation="passive" appearance="raw" justifycontent="center" gapsize="medium" class="resource-table-edit-name"><span class="oc-icon oc-icon-s oc-icon-passive"><!----></span></oc-button-stub>
        </div>
      </td>
      <td class="oc-td oc-table-cell oc-table-cell-align-right oc-table-cell-align-middle oc-table-cell-width-auto oc-text-nowrap oc-table-data-cell oc-table-data-cell-sharedWith">
        <oc-button-stub type="button" size="medium" submit="button" variation="inverse" appearance="raw" justifycontent="center" gapsize="medium">
          <oc-avatars-stub items="[object Object],[object Object]" stacked="true" istooltipdisplayed="true" maxdisplayed="3" accessibledescription="This file is shared via 1 invite This file is shared via 1 link" class="resource-table-people"></oc-avatars-stub>
        </oc-button-stub>
      </td>
      <td class="oc-td oc-table-cell oc-table-cell-align-right oc-table-cell-align-middle oc-table-cell-width-auto oc-text-nowrap oc-table-data-cell oc-table-data-cell-sdate" aria-label="9 months ago (June 9, 2021, 12:37 PM UTC)"><span tabindex="0">9 months ago</span></td>
      <td class="oc-td oc-table-cell oc-table-cell-align-right oc-table-cell-align-middle oc-table-cell-width-auto oc-text-nowrap oc-table-data-cell oc-table-data-cell-actions oc-pr-m">
        <div class="resource-table-actions">
          <oc-button-stub type="button" size="medium" arialabel="Show context menu" submit="button" variation="passive" appearance="raw" justifycontent="center" gapsize="medium" id="context-menu-trigger-30" class="resource-table-btn-action-dropdown"><span class="oc-icon oc-icon-m oc-icon-passive"><!----></span></oc-button-stub>
          <oc-drop-stub dropid="context-menu-drop-30" popperoptions="[object Object]" toggle="#context-menu-trigger-30" position="bottom-start" mode="click" closeonclick="true" paddingsize="small"></oc-drop-stub>
        </div>
      </td>
    </tr>
  </tbody>
  <tfoot class="oc-table-footer">
    <tr class="oc-table-footer-row">
      <td colspan="5" class="oc-table-footer-cell">
        <pagination-stub pages="12" currentpage="21"></pagination-stub>
        <list-info-stub files="4" folders="0" class="oc-width-1-1 oc-my-s"></list-info-stub>
      </td>
    </tr>
  </tfoot>
</table>
`;
