// Jest Snapshot v1, https://goo.gl/fbAQLP

exports[`Details SideBar Panel displays the details side panel 1`] = `
<div id="oc-space-details-sidebar">
  <div class="oc-space-details-sidebar-image oc-text-center">
    <oc-icon-stub name="layout-grid" size="xxlarge" class="space-default-image oc-px-m oc-py-m"></oc-icon-stub>
  </div>
  <!---->
  <div>
    <table aria-label="Overview of the information about the selected space" class="details-table">
      <tr>
        <th scope="col" class="oc-pr-s">Last activity</th>
        <td>Invalid DateTime</td>
      </tr>
      <!---->
      <tr>
        <th scope="col" class="oc-pr-s">Manager</th>
        <td><span>alice</span></td>
      </tr>
      <tr>
        <th scope="col" class="oc-pr-s">Quota</th>
        <td>
          <space-quota-stub spacequota="[object Object]"></space-quota-stub>
        </td>
      </tr>
    </table>
  </div>
</div>
`;
